// Jest Snapshot v1, https://goo.gl/fbAQLP

exports[`<ProductCard /> match: snapshot 1`] = `ReactWrapper {}`;
