// Jest Snapshot v1, https://goo.gl/fbAQLP

exports[`<HorizontalList /> match: snapshot 1`] = `ReactWrapper {}`;
